EN mux_alu_op NULL E:/projects/VHDL/MyCPU1_ISE/MyCPU1/source/Mux_ALU_OP.vhd sub00/vhpl28 1492267820
AR oprand_seperator behavioral E:/projects/VHDL/MyCPU1_ISE/MyCPU1/Oprand_Seperator.vhd sub00/vhpl23 1492267811
EN register_32 NULL E:/projects/VHDL/MyCPU1_ISE/MyCPU1/source/Register_32.vhd sub00/vhpl16 1490439840
EN mux_lb NULL E:/projects/VHDL/MyCPU1_ISE/MyCPU1/source/Mux_LB.vhd sub00/vhpl32 1492267818
AR mycpu behavioral E:/projects/VHDL/MyCPU1_ISE/MyCPU1/MyCPU.vhd sub00/vhpl03 1490370093
EN cu NULL E:/projects/VHDL/MyCPU1_ISE/MyCPU1/source/CU.vhd sub00/vhpl06 1492267790
AR mycpu1 behavioral E:/projects/VHDL/MyCPU1_ISE/MyCPU1/source/MyCPU1.vhd sub00/vhpl01 1490368838
EN mux_pc NULL E:/projects/VHDL/MyCPU1_ISE/MyCPU1/source/Mux_PC.vhd sub00/vhpl38 1492267804
EN decoder38 NULL E:/projects/VHDL/MyCPU1_ISE/MyCPU1/source/Decoder38.vhd sub00/vhpl08 1490433331
AR imme_seperator behavioral E:/projects/VHDL/MyCPU1_ISE/MyCPU1/source/Imme_Seperator.vhd sub00/vhpl25 1492267813
AR computer behavioral E:/projects/VHDL/MyCPU1_ISE/MyCPU1/source/Computer.vhd sub00/vhpl45 1492267829
EN sram NULL E:/projects/VHDL/MyCPU1_ISE/MyCPU1/source/SRAM.vhd sub00/vhpl40 1492267794
AR registerfield behav E:/projects/VHDL/MyCPU1_ISE/MyCPU1/source/RegisterField.vhd sub00/vhpl11 1490438324
EN mux_mdr NULL E:/projects/VHDL/MyCPU1_ISE/MyCPU1/source/Mux_MDR.vhd sub00/vhpl50 1492267826
AR mux_alu_op behavioral E:/projects/VHDL/MyCPU1_ISE/MyCPU1/source/Mux_ALU_OP.vhd sub00/vhpl29 1492267821
EN shamtext NULL E:/projects/VHDL/MyCPU1_ISE/MyCPU1/source/ShamtExt.vhd sub00/vhpl34 1492267816
AR mux_lb behavioral E:/projects/VHDL/MyCPU1_ISE/MyCPU1/source/Mux_LB.vhd sub00/vhpl33 1492267819
AR shamtext behavioral E:/projects/VHDL/MyCPU1_ISE/MyCPU1/source/ShamtExt.vhd sub00/vhpl35 1492267817
EN register32 NULL E:/projects/VHDL/MyCPU1_ISE/MyCPU1/source/Register32.vhd sub00/vhpl14 1492267796
EN computer NULL E:/projects/VHDL/MyCPU1_ISE/MyCPU1/source/Computer.vhd sub00/vhpl44 1492267828
AR alu behav E:/projects/VHDL/MyCPU1_ISE/MyCPU1/source/ALU.vhd sub00/vhpl05 1492267793
AR pc_adder behavioral E:/projects/VHDL/MyCPU1_ISE/MyCPU1/source/PC_Adder.vhd sub00/vhpl37 1492267799
AR decoder38 behave E:/projects/VHDL/MyCPU1_ISE/MyCPU1/source/Decoder38.vhd sub00/vhpl09 1490433332
AR register_32 behav E:/projects/VHDL/MyCPU1_ISE/MyCPU1/source/Register_32.vhd sub00/vhpl17 1490439841
AR pchighextender behavioral E:/projects/VHDL/MyCPU1_ISE/MyCPU1/source/PCHighExtender.vhd sub00/vhpl43 1492267803
EN registersfield NULL E:/projects/VHDL/MyCPU1_ISE/MyCPU1/source/RegisterField.vhd sub00/vhpl12 1492267822
AR registersfield behav E:/projects/VHDL/MyCPU1_ISE/MyCPU1/source/RegisterField.vhd sub00/vhpl13 1492267823
AR instruction_seperator behavioral E:/projects/VHDL/MyCPU1_ISE/MyCPU1/Instruction_Seperator.vhd sub00/vhpl21 1492267809
AR mux_pc behavioral E:/projects/VHDL/MyCPU1_ISE/MyCPU1/source/Mux_PC.vhd sub00/vhpl39 1492267805
AR pc_seperator behavioral E:/projects/VHDL/MyCPU1_ISE/MyCPU1/source/PC_Seperator.vhd sub00/vhpl27 1492267801
EN mycpu1 NULL E:/projects/VHDL/MyCPU1_ISE/MyCPU1/source/MyCPU1.vhd sub00/vhpl00 1490368837
AR mux_reg behav E:/projects/VHDL/MyCPU1_ISE/MyCPU1/source/Mux_Reg.vhd sub00/vhpl49 1492267825
EN imme_seperator NULL E:/projects/VHDL/MyCPU1_ISE/MyCPU1/source/Imme_Seperator.vhd sub00/vhpl24 1492267812
AR sram behave E:/projects/VHDL/MyCPU1_ISE/MyCPU1/source/SRAM.vhd sub00/vhpl41 1492267795
EN mycpu NULL E:/projects/VHDL/MyCPU1_ISE/MyCPU1/MyCPU.vhd sub00/vhpl02 1490370092
EN instruction_seperator NULL E:/projects/VHDL/MyCPU1_ISE/MyCPU1/Instruction_Seperator.vhd sub00/vhpl20 1492267808
EN registerfield NULL E:/projects/VHDL/MyCPU1_ISE/MyCPU1/source/RegisterField.vhd sub00/vhpl10 1490438323
EN immeext NULL E:/projects/VHDL/MyCPU1_ISE/MyCPU1/source/ImmeExt.vhd sub00/vhpl30 1492267814
EN pc_seperator NULL E:/projects/VHDL/MyCPU1_ISE/MyCPU1/source/PC_Seperator.vhd sub00/vhpl26 1492267800
AR immeext behavioral E:/projects/VHDL/MyCPU1_ISE/MyCPU1/source/ImmeExt.vhd sub00/vhpl31 1492267815
AR cu behav E:/projects/VHDL/MyCPU1_ISE/MyCPU1/source/CU.vhd sub00/vhpl07 1492267791
AR alu_logic_shift behave E:/projects/VHDL/MyCPU1_ISE/MyCPU1/source/alu_logic_shift.vhd sub00/vhpl19 1490441495
AR mux_mdr behavioral E:/projects/VHDL/MyCPU1_ISE/MyCPU1/source/Mux_MDR.vhd sub00/vhpl51 1492267827
AR register32 behav E:/projects/VHDL/MyCPU1_ISE/MyCPU1/source/Register32.vhd sub00/vhpl15 1492267797
AR tristate behav E:/projects/VHDL/MyCPU1_ISE/MyCPU1/source/TriState.vhd sub00/vhpl47 1492267807
EN oprand_seperator NULL E:/projects/VHDL/MyCPU1_ISE/MyCPU1/Oprand_Seperator.vhd sub00/vhpl22 1492267810
EN pchighextender NULL E:/projects/VHDL/MyCPU1_ISE/MyCPU1/source/PCHighExtender.vhd sub00/vhpl42 1492267802
EN pc_adder NULL E:/projects/VHDL/MyCPU1_ISE/MyCPU1/source/PC_Adder.vhd sub00/vhpl36 1492267798
EN mux_reg NULL E:/projects/VHDL/MyCPU1_ISE/MyCPU1/source/Mux_Reg.vhd sub00/vhpl48 1492267824
EN alu NULL E:/projects/VHDL/MyCPU1_ISE/MyCPU1/source/ALU.vhd sub00/vhpl04 1492267792
EN alu_logic_shift NULL E:/projects/VHDL/MyCPU1_ISE/MyCPU1/source/alu_logic_shift.vhd sub00/vhpl18 1490441494
EN tristate NULL E:/projects/VHDL/MyCPU1_ISE/MyCPU1/source/TriState.vhd sub00/vhpl46 1492267806
