EN pcmerger NULL E:/projects/VHDL/MyCPU1_ISE/MyCPU1/source/PCMerger.vhd sub00/vhpl52 1492345272
EN mux_alu_op NULL E:/projects/VHDL/MyCPU1_ISE/MyCPU1/source/Mux_ALU_OP.vhd sub00/vhpl28 1492345292
AR oprand_seperator behavioral E:/projects/VHDL/MyCPU1_ISE/MyCPU1/Oprand_Seperator.vhd sub00/vhpl23 1492345283
EN register_32 NULL E:/projects/VHDL/MyCPU1_ISE/MyCPU1/source/Register_32.vhd sub00/vhpl16 1490439840
EN mux_lb NULL E:/projects/VHDL/MyCPU1_ISE/MyCPU1/source/Mux_LB.vhd sub00/vhpl32 1492345290
AR mycpu behavioral E:/projects/VHDL/MyCPU1_ISE/MyCPU1/MyCPU.vhd sub00/vhpl03 1490370093
EN cu NULL E:/projects/VHDL/MyCPU1_ISE/MyCPU1/source/CU.vhd sub00/vhpl06 1492345260
AR mycpu1 behavioral E:/projects/VHDL/MyCPU1_ISE/MyCPU1/source/MyCPU1.vhd sub00/vhpl01 1490368838
EN mux_pc NULL E:/projects/VHDL/MyCPU1_ISE/MyCPU1/source/Mux_PC.vhd sub00/vhpl38 1492345276
EN decoder38 NULL E:/projects/VHDL/MyCPU1_ISE/MyCPU1/source/Decoder38.vhd sub00/vhpl08 1490433331
AR imme_seperator behavioral E:/projects/VHDL/MyCPU1_ISE/MyCPU1/source/Imme_Seperator.vhd sub00/vhpl25 1492345285
AR computer behavioral E:/projects/VHDL/MyCPU1_ISE/MyCPU1/source/Computer.vhd sub00/vhpl45 1492345303
EN sram NULL E:/projects/VHDL/MyCPU1_ISE/MyCPU1/source/SRAM.vhd sub00/vhpl40 1492345264
AR registerfield behav E:/projects/VHDL/MyCPU1_ISE/MyCPU1/source/RegisterField.vhd sub00/vhpl11 1490438324
EN mux_mdr NULL E:/projects/VHDL/MyCPU1_ISE/MyCPU1/source/Mux_MDR.vhd sub00/vhpl50 1492345298
AR mux_alu_op behavioral E:/projects/VHDL/MyCPU1_ISE/MyCPU1/source/Mux_ALU_OP.vhd sub00/vhpl29 1492345293
AR pcmerger behavioral E:/projects/VHDL/MyCPU1_ISE/MyCPU1/source/PCMerger.vhd sub00/vhpl53 1492345273
EN shamtext NULL E:/projects/VHDL/MyCPU1_ISE/MyCPU1/source/ShamtExt.vhd sub00/vhpl34 1492345288
AR mux_lb behavioral E:/projects/VHDL/MyCPU1_ISE/MyCPU1/source/Mux_LB.vhd sub00/vhpl33 1492345291
AR shamtext behavioral E:/projects/VHDL/MyCPU1_ISE/MyCPU1/source/ShamtExt.vhd sub00/vhpl35 1492345289
EN register32 NULL E:/projects/VHDL/MyCPU1_ISE/MyCPU1/source/Register32.vhd sub00/vhpl14 1492345266
EN computer NULL E:/projects/VHDL/MyCPU1_ISE/MyCPU1/source/Computer.vhd sub00/vhpl44 1492345302
AR alu behav E:/projects/VHDL/MyCPU1_ISE/MyCPU1/source/ALU.vhd sub00/vhpl05 1492345263
AR pc_adder behavioral E:/projects/VHDL/MyCPU1_ISE/MyCPU1/source/PC_Adder.vhd sub00/vhpl37 1492345269
AR decoder38 behave E:/projects/VHDL/MyCPU1_ISE/MyCPU1/source/Decoder38.vhd sub00/vhpl09 1490433332
AR register_32 behav E:/projects/VHDL/MyCPU1_ISE/MyCPU1/source/Register_32.vhd sub00/vhpl17 1490439841
AR pchighextender behavioral E:/projects/VHDL/MyCPU1_ISE/MyCPU1/source/PCHighExtender.vhd sub00/vhpl43 1492345275
EN registersfield NULL E:/projects/VHDL/MyCPU1_ISE/MyCPU1/source/RegisterField.vhd sub00/vhpl12 1492345294
AR registersfield behav E:/projects/VHDL/MyCPU1_ISE/MyCPU1/source/RegisterField.vhd sub00/vhpl13 1492345295
AR instruction_seperator behavioral E:/projects/VHDL/MyCPU1_ISE/MyCPU1/Instruction_Seperator.vhd sub00/vhpl21 1492345281
AR mux_pc behavioral E:/projects/VHDL/MyCPU1_ISE/MyCPU1/source/Mux_PC.vhd sub00/vhpl39 1492345277
AR pc_seperator behavioral E:/projects/VHDL/MyCPU1_ISE/MyCPU1/source/PC_Seperator.vhd sub00/vhpl27 1492345271
EN mycpu1 NULL E:/projects/VHDL/MyCPU1_ISE/MyCPU1/source/MyCPU1.vhd sub00/vhpl00 1490368837
AR mux_reg behav E:/projects/VHDL/MyCPU1_ISE/MyCPU1/source/Mux_Reg.vhd sub00/vhpl49 1492345297
EN imme_seperator NULL E:/projects/VHDL/MyCPU1_ISE/MyCPU1/source/Imme_Seperator.vhd sub00/vhpl24 1492345284
AR sram behave E:/projects/VHDL/MyCPU1_ISE/MyCPU1/source/SRAM.vhd sub00/vhpl41 1492345265
EN mycpu NULL E:/projects/VHDL/MyCPU1_ISE/MyCPU1/MyCPU.vhd sub00/vhpl02 1490370092
EN instruction_seperator NULL E:/projects/VHDL/MyCPU1_ISE/MyCPU1/Instruction_Seperator.vhd sub00/vhpl20 1492345280
EN registerfield NULL E:/projects/VHDL/MyCPU1_ISE/MyCPU1/source/RegisterField.vhd sub00/vhpl10 1490438323
EN immeext NULL E:/projects/VHDL/MyCPU1_ISE/MyCPU1/source/ImmeExt.vhd sub00/vhpl30 1492345286
EN pc_seperator NULL E:/projects/VHDL/MyCPU1_ISE/MyCPU1/source/PC_Seperator.vhd sub00/vhpl26 1492345270
AR beq_hardware behavioral E:/projects/VHDL/MyCPU1_ISE/MyCPU1/source/BEQ_Hardware.vhd sub00/vhpl55 1492345301
AR immeext behavioral E:/projects/VHDL/MyCPU1_ISE/MyCPU1/source/ImmeExt.vhd sub00/vhpl31 1492345287
EN beq_hardware NULL E:/projects/VHDL/MyCPU1_ISE/MyCPU1/source/BEQ_Hardware.vhd sub00/vhpl54 1492345300
AR cu behav E:/projects/VHDL/MyCPU1_ISE/MyCPU1/source/CU.vhd sub00/vhpl07 1492345261
AR alu_logic_shift behave E:/projects/VHDL/MyCPU1_ISE/MyCPU1/source/alu_logic_shift.vhd sub00/vhpl19 1490441495
AR mux_mdr behavioral E:/projects/VHDL/MyCPU1_ISE/MyCPU1/source/Mux_MDR.vhd sub00/vhpl51 1492345299
AR register32 behav E:/projects/VHDL/MyCPU1_ISE/MyCPU1/source/Register32.vhd sub00/vhpl15 1492345267
AR tristate behav E:/projects/VHDL/MyCPU1_ISE/MyCPU1/source/TriState.vhd sub00/vhpl47 1492345279
EN oprand_seperator NULL E:/projects/VHDL/MyCPU1_ISE/MyCPU1/Oprand_Seperator.vhd sub00/vhpl22 1492345282
EN pchighextender NULL E:/projects/VHDL/MyCPU1_ISE/MyCPU1/source/PCHighExtender.vhd sub00/vhpl42 1492345274
EN pc_adder NULL E:/projects/VHDL/MyCPU1_ISE/MyCPU1/source/PC_Adder.vhd sub00/vhpl36 1492345268
EN mux_reg NULL E:/projects/VHDL/MyCPU1_ISE/MyCPU1/source/Mux_Reg.vhd sub00/vhpl48 1492345296
EN alu NULL E:/projects/VHDL/MyCPU1_ISE/MyCPU1/source/ALU.vhd sub00/vhpl04 1492345262
EN alu_logic_shift NULL E:/projects/VHDL/MyCPU1_ISE/MyCPU1/source/alu_logic_shift.vhd sub00/vhpl18 1490441494
EN tristate NULL E:/projects/VHDL/MyCPU1_ISE/MyCPU1/source/TriState.vhd sub00/vhpl46 1492345278
