V3 6
FL E:/projects/VHDL/MyCPU1_ISE/MyCPU1/MyCPU.vhd 2017/03/24.23:41:26 P.20131013
EN work/MyCPU 1490370092 FL E:/projects/VHDL/MyCPU1_ISE/MyCPU1/MyCPU.vhd \
      PB ieee/std_logic_1164 1381692176
AR work/MyCPU/Behavioral 1490370093 \
      FL E:/projects/VHDL/MyCPU1_ISE/MyCPU1/MyCPU.vhd EN work/MyCPU 1490370092
FL E:/projects/VHDL/MyCPU1_ISE/MyCPU1/source/MyCPU1.vhd 2017/03/24.23:20:34 P.20131013
EN work/MyCPU1 1490368837 FL E:/projects/VHDL/MyCPU1_ISE/MyCPU1/source/MyCPU1.vhd \
      PB ieee/std_logic_1164 1381692176
AR work/MyCPU1/Behavioral 1490368838 \
      FL E:/projects/VHDL/MyCPU1_ISE/MyCPU1/source/MyCPU1.vhd EN work/MyCPU1 1490368837
